Log started at 09/20/2026 18:21:01 (2026-09-21T01:21:01Z)
Resolved project argument E:\Repos\SurvivalGame\SurvivalGame.uproject to E:\Repos\SurvivalGame\SurvivalGame.uproject
No config file at C:\ProgramData\Unreal Engine\UnrealBuildTool\BuildConfiguration.xml
No config file at C:\Users\Jenny\AppData\Local\Unreal Engine\UnrealBuildTool\BuildConfiguration.xml
No config file at C:\Users\Jenny\OneDrive\Documents\Unreal Engine\UnrealBuildTool\BuildConfiguration.xml
Configuration will be read from:
  C:\Users\Jenny\AppData\Roaming\Unreal Engine\UnrealBuildTool\BuildConfiguration.xml
Reading configuration file from cache (E:\Repos\SurvivalGame\Intermediate\Build\XmlConfigCache.bin): C:\Users\Jenny\AppData\Roaming\Unreal Engine\UnrealBuildTool\BuildConfiguration.xml
Reading configuration file from cache (E:\Repos\SurvivalGame\Intermediate\Build\XmlConfigCache.bin): E:\Repos\SurvivalGame\Saved\UnrealBuildTool\BuildConfiguration.xml
Reading configuration file from cache (E:\Repos\SurvivalGame\Intermediate\Build\XmlConfigCache.bin): C:\Users\Jenny\AppData\Local\UnrealEngine\Intermediate\Build\UnrealBuildTool.Env.BuildConfiguration.xml
Log file: E:\Repos\SurvivalGame\Saved\Automation\20260920-182217-d1f84e39\native-build-plan-04\ubt.log

Setting temp directory to 'E:\Repos\SurvivalGame\Saved\Automation\20260920-182217-d1f84e39\native-build-plan-04\Temp\UnrealBuildTool\863af17b'
    Registering build platform: UnrealBuildTool.AndroidPlatformFactory
    Registering build platform: UnrealBuildTool.IOSPlatformFactory
    Registering build platform: UnrealBuildTool.LinuxPlatformFactory
    Registering build platform: UnrealBuildTool.MacPlatformFactory
    Registering build platform: UnrealBuildTool.TVOSPlatformFactory
    Registering build platform: UnrealBuildTool.WindowsPlatformFactory
Found Windows 10 SDK root at C:\Program Files (x86)\Windows Kits\10 (1)
Found Windows 10 SDK root at C:\Program Files (x86)\Windows Kits\10 (2)
Found Windows 10 SDK version 10.0.26100.0 at C:\Program Files (x86)\Windows Kits\10
Found Universal CRT version 10.0.26100.0 at C:\Program Files (x86)\Windows Kits\10
Win64 Installed SDK(s): MinVersion_Sdk=10.0.19041.0, MaxVersion_Sdk=10.9.99999.0, CurrentVersion_Sdk=10.0.26100.0, Version_AutoSdk=10.0.22621.0, CurrentVersion_AutoSdk=
        Registering build platform: Win64 - buildable: True
    Registering build platform: UnrealBuildTool.VisionOSPlatformFactory
Command line: "E:\Program Files\UE_5.8\Engine\Binaries\DotNET\UnrealBuildTool\UnrealBuildTool.dll" SurvivalGameEditor Win64 Development -Project=E:\Repos\SurvivalGame\SurvivalGame.uproject -WaitMutex -NoHotReloadFromIDE -NoUBA -NoXGE -NoFASTBuild -NoSNDBS -NoArtifactReads -NoArtifactWrites -NoEngineChanges -Log=E:\Repos\SurvivalGame\Saved\Automation\20260920-182217-d1f84e39\native-build-plan-04\ubt.log -WriteOutdatedActions=E:\Repos\SurvivalGame\Saved\Automation\20260920-182217-d1f84e39\native-build-plan-04\actions.json
Determining max actions to execute in parallel (8 physical cores, 16 logical cores)
  Executing up to 8 processes, one per physical core
  Requested 1.5 GB memory per action, 10.21 GB available: limiting max parallel actions to 6
Using 'git status' to determine working set for adaptive non-unity build (E:\Repos\SurvivalGame).
UbaSessionServer - Disable remote execution (remote sessions will finish current processes)
Invalidating makefile for SurvivalGameEditor (source file added)
Skipping E:\Program Files\UE_5.8\Engine\Intermediate\Build\BuildRules\UE5Rules.dll: File is installed
Skipping E:\Program Files\UE_5.8\Engine\Intermediate\Build\BuildRules\UE5ProgramRules.dll: File is installed
Compiling E:\Repos\SurvivalGame\Intermediate\Build\BuildRules\SurvivalGameModuleRules.dll: E:\Repos\SurvivalGame\Source\SurvivalGameEditor\SurvivalGameEditor.Build.cs is newer
Compiler: E:\Tools\VSBuildTools\VC\Tools\MSVC\14.44.35207\bin\Hostx64\x64\cl.exe
Linker: E:\Tools\VSBuildTools\VC\Tools\MSVC\14.44.35207\bin\Hostx64\x64\link.exe
Library Manager: E:\Tools\VSBuildTools\VC\Tools\MSVC\14.44.35207\bin\Hostx64\x64\link.exe
Resource Compiler: C:\Program Files (x86)\Windows Kits\10\bin\10.0.26100.0\x64\rc.exe
Resource Converter: E:\Tools\VSBuildTools\VC\Tools\MSVC\14.44.35207\bin\Hostx64\x64\cvtres.exe
Using EngineIncludeOrderVersion.Unreal5_8 for target SurvivalGameEditor.Target.cs
Building UnrealEditor - SurvivalGameEditor - Win64 - Development
VerseVMBytecodeGenerator.Generate, generating CPP headers in: 'E:\Program Files\UE_5.8\Engine\Intermediate\Build\Win64\UnrealEditor\Inc\CoreUObject\VerseVMBytecode'
	Writing out generated header file. Changed:False Path:'E:\Program Files\UE_5.8\Engine\Intermediate\Build\Win64\UnrealEditor\Inc\CoreUObject\VerseVMBytecode\VVMBytecodeOps.gen.h'
	Writing out generated header file. Changed:False Path:'E:\Program Files\UE_5.8\Engine\Intermediate\Build\Win64\UnrealEditor\Inc\CoreUObject\VerseVMBytecode\VVMBytecodesAndCaptures.gen.h'
	Writing out generated header file. Changed:False Path:'E:\Program Files\UE_5.8\Engine\Intermediate\Build\Win64\UnrealEditor\Inc\CoreUObject\VerseVMBytecode\VVMMakeCapturesFuncs.gen.h'
	Writing out generated header file. Changed:False Path:'E:\Program Files\UE_5.8\Engine\Intermediate\Build\Win64\UnrealEditor\Inc\CoreUObject\VerseVMBytecode\VVMCaptureSwitch.gen.h'
UnrealHeaderTool needs to run because SavedTimestamp is older than the rules file (E:\Repos\SurvivalGame\Source\SurvivalGameEditor\SurvivalGameEditor.Build.cs) for module SurvivalGameEditor
Found 5 shared PCH headers (listed in order of preference):
	UnrealEd
	Engine
	Slate
	CoreUObject
	Core
Parsing headers for SurvivalGameEditor
  Running Internal UnrealHeaderTool E:\Repos\SurvivalGame\SurvivalGame.uproject E:\Repos\SurvivalGame\Intermediate\Build\Win64\SurvivalGameEditor\SurvivalGameEditor.uhtmanifest -WarningsAsErrors -installed
UHT compiled-in object format Default
Updating E:\Repos\SurvivalGame\Intermediate\Build\Win64\x64\UnrealEditor\Development\SurvivalGameEditor\UnrealEditor-SurvivalGameEditor.lib.rsp: contents have changed. Saving previous version to E:\Repos\SurvivalGame\Intermediate\Build\Win64\x64\UnrealEditor\Development\SurvivalGameEditor\UnrealEditor-SurvivalGameEditor.lib.rsp.old.
Step - Parse Headers
Updating E:\Repos\SurvivalGame\Intermediate\Build\Win64\x64\UnrealEditor\Development\SurvivalGameEditor\UnrealEditor-SurvivalGameEditor.dll.rsp: contents have changed. Saving previous version to E:\Repos\SurvivalGame\Intermediate\Build\Win64\x64\UnrealEditor\Development\SurvivalGameEditor\UnrealEditor-SurvivalGameEditor.dll.rsp.old.
Reading engine version from file: E:\Program Files\UE_5.8\Engine\Source\Runtime\Launch\Resources\Version.h
Got engine version 5.8.2
Step - Populate symbol table
Step - Exports
       Exporter Stats skipped
       Exporter Json skipped
       Running exporter CodeGen
UHT processed SurvivalGameEditor in 2.4939304 seconds (0 generated files written)
Deleting outdated item: E:\Repos\SurvivalGame\Binaries\Win64\UnrealEditor-SurvivalGameEditor.pdb
Deleting outdated item: E:\Repos\SurvivalGame\Intermediate\Build\Win64\x64\UnrealEditor\Development\SurvivalGameEditor\UnrealEditor-SurvivalGameEditor.lib
===== Toolchain Information =====
Using ISPC compiler (E:\Program Files\UE_5.8\Engine\Source\ThirdParty\Intel\ISPC\bin\Windows\ispc.exe)
  Intel(r) Implicit SPMD Program Compiler (Intel(r) ISPC), 1.24.0 (build commit  @ 20250404, LLVM 18.1.2) 
Using Visual Studio 14.44.35229 toolchain (E:\Tools\VSBuildTools\VC\Tools\MSVC\14.44.35207) and Windows 10.0.26100.0 SDK (C:\Program Files (x86)\Windows Kits\10).
[Adaptive Build] Excluded from SurvivalGameEditor unity file: FernSpike.cpp, HomesteadAuthoringProbeCommandlet.cpp
=================================
Exported build actions to E:\Repos\SurvivalGame\Saved\Automation\20260920-182217-d1f84e39\native-build-plan-04\actions.json
WriteFileIfChanged() wrote 0 changed files of 1 requested writes.

Timeline:
[  0.000]  +0.360 Main
   0.015          [  0.015]  +0.093 Apply XmlConfig
   0.115          [  0.115]  +0.042 AddTelemetry
   0.182          [  0.182]  +0.177 RegisterPlatforms
[  0.418]  +0.042 ParseCommandLine
[  0.604]  +0.172 LoadMakefile
   0.742          [  0.137]  +0.036 EngineRulesPlugins
[  0.782]  +0.010 EngineRulesFetchDirs
   0.782          [  0.000]  +0.000 FindPlugins
   0.790          [  0.008]  +0.011 MakefileValid
   0.802             0.020          [  0.011]  +0.009 EngineRulesAssembly
[  0.811]  +0.001 ProgramRulesAssembly
[  0.812]  +2.392 ProjectRulesAssembly
[  3.205]  +0.147 CreateTargetRules
[  3.417]  +0.004 CppDependencyCache
[  3.434]  +1.542 SurvivalGameEditor Win64 Development
   3.434          [  0.000]  +0.534 <unknown>
   3.969          [  0.534]  +0.062 UHTModules
   4.167          [  0.733]  +0.179 UHTManifest
   4.347          [  0.912]  +2.499 UHT
   4.487             1.052          [  0.140]  +0.000 GitWait
   4.487             1.053          [  0.140]  +0.472 <unknown>
   4.960             1.525          [  0.612]  +0.000 WaitOnWrites
   4.977             1.542          [  0.629]  +0.121 SavingMakefile
   5.098             1.664          [  0.751]  +1.747 <unknown>
[  4.976]  +1.870 <unknown>
[  6.847]  +0.016 UHTTimestamps
[  6.873]  +0.003 CppDependencyCache
[  6.876]  +0.063 Preparing ActionGraph
   6.888          [  0.012]  +0.006 LinkActions
   6.894             0.017          [  0.005]  +0.000 DetectActionGraphCycles
   6.895          [  0.018]  +0.000 GatherPrerequisiteActions
   6.897          [  0.020]  +0.000 CppDependencyCacheWait
   6.897          [  0.021]  +0.029 GatherOutdatedActions
   6.930          [  0.053]  +0.002 LinkActions
   6.930             0.053          [  0.000]  +0.000 DetectActionGraphCycles
   6.934          [  0.057]  +0.001 DeleteOutdatedProducedItems
   6.936          [  0.059]  +0.003 SaveActionHistory
   6.940          [  0.063]  +0.000 CreateDirectoriesForProducedItems
[  6.945]  +0.009 Writing actions
[  6.955]  +0.000 DisconnectCache
[  6.959]  +0.000 SaveCasTable
[  6.963]  +0.066 Saving caches
[  7.030]  +0.003 TelemetryService.FlushEvents
[  7.035]

Result: Succeeded
Total execution time: 7.04 seconds
