Log started at 09/21/2026 05:11:10 (2026-09-21T12:11:10Z)
Resolved project argument E:\Repos\SurvivalGame\SurvivalGame.uproject to E:\Repos\SurvivalGame\SurvivalGame.uproject
No config file at C:\ProgramData\Unreal Engine\UnrealBuildTool\BuildConfiguration.xml
No config file at C:\Users\Jenny\AppData\Local\Unreal Engine\UnrealBuildTool\BuildConfiguration.xml
No config file at C:\Users\Jenny\OneDrive\Documents\Unreal Engine\UnrealBuildTool\BuildConfiguration.xml
Configuration will be read from:
  C:\Users\Jenny\AppData\Roaming\Unreal Engine\UnrealBuildTool\BuildConfiguration.xml
Reading configuration file from cache (E:\Repos\SurvivalGame\Intermediate\Build\XmlConfigCache.bin): C:\Users\Jenny\AppData\Roaming\Unreal Engine\UnrealBuildTool\BuildConfiguration.xml
Reading configuration file from cache (E:\Repos\SurvivalGame\Intermediate\Build\XmlConfigCache.bin): E:\Repos\SurvivalGame\Saved\UnrealBuildTool\BuildConfiguration.xml
Reading configuration file from cache (E:\Repos\SurvivalGame\Intermediate\Build\XmlConfigCache.bin): C:\Users\Jenny\AppData\Local\UnrealEngine\Intermediate\Build\UnrealBuildTool.Env.BuildConfiguration.xml
Log file: E:\Repos\SurvivalGame\Saved\Automation\20260921-033354-2d257ba0\tree-native-plan-03\ubt.log

Setting temp directory to 'E:\Repos\SurvivalGame\Saved\Automation\20260921-033354-2d257ba0\tree-native-plan-03\Temp\UnrealBuildTool\863af17b'
    Registering build platform: UnrealBuildTool.AndroidPlatformFactory
    Registering build platform: UnrealBuildTool.IOSPlatformFactory
    Registering build platform: UnrealBuildTool.LinuxPlatformFactory
    Registering build platform: UnrealBuildTool.MacPlatformFactory
    Registering build platform: UnrealBuildTool.TVOSPlatformFactory
    Registering build platform: UnrealBuildTool.WindowsPlatformFactory
Found Windows 10 SDK root at C:\Program Files (x86)\Windows Kits\10 (1)
Found Windows 10 SDK root at C:\Program Files (x86)\Windows Kits\10 (2)
Found Windows 10 SDK version 10.0.26100.0 at C:\Program Files (x86)\Windows Kits\10
Found Universal CRT version 10.0.26100.0 at C:\Program Files (x86)\Windows Kits\10
Win64 Installed SDK(s): MinVersion_Sdk=10.0.19041.0, MaxVersion_Sdk=10.9.99999.0, CurrentVersion_Sdk=10.0.26100.0, Version_AutoSdk=10.0.22621.0, CurrentVersion_AutoSdk=
        Registering build platform: Win64 - buildable: True
    Registering build platform: UnrealBuildTool.VisionOSPlatformFactory
Command line: "E:\Program Files\UE_5.8\Engine\Binaries\DotNET\UnrealBuildTool\UnrealBuildTool.dll" SurvivalGameEditor Win64 Development -Project=E:\Repos\SurvivalGame\SurvivalGame.uproject -WaitMutex -NoHotReloadFromIDE -NoUBA -NoXGE -NoFASTBuild -NoSNDBS -NoArtifactReads -NoArtifactWrites -NoEngineChanges -Log=E:\Repos\SurvivalGame\Saved\Automation\20260921-033354-2d257ba0\tree-native-plan-03\ubt.log -WriteOutdatedActions=E:\Repos\SurvivalGame\Saved\Automation\20260921-033354-2d257ba0\tree-native-plan-03\actions.json
Determining max actions to execute in parallel (8 physical cores, 16 logical cores)
  Executing up to 8 processes, one per physical core
  Requested 1.5 GB memory per action, 8.62 GB available: limiting max parallel actions to 5
UbaSessionServer - Disable remote execution (remote sessions will finish current processes)
E:\Repos\SurvivalGame\Source\SurvivalGame\SurvivalGame.Build.cs has been modified since makefile was built.
Invalidating makefile for SurvivalGameEditor (SurvivalGame.Build.cs modified)
Skipping E:\Program Files\UE_5.8\Engine\Intermediate\Build\BuildRules\UE5Rules.dll: File is installed
Skipping E:\Program Files\UE_5.8\Engine\Intermediate\Build\BuildRules\UE5ProgramRules.dll: File is installed
Compiling E:\Repos\SurvivalGame\Intermediate\Build\BuildRules\SurvivalGameModuleRules.dll: E:\Repos\SurvivalGame\Source\SurvivalGame\SurvivalGame.Build.cs is newer
Compiler: E:\Tools\VSBuildTools\VC\Tools\MSVC\14.44.35207\bin\Hostx64\x64\cl.exe
Linker: E:\Tools\VSBuildTools\VC\Tools\MSVC\14.44.35207\bin\Hostx64\x64\link.exe
Library Manager: E:\Tools\VSBuildTools\VC\Tools\MSVC\14.44.35207\bin\Hostx64\x64\link.exe
Resource Compiler: C:\Program Files (x86)\Windows Kits\10\bin\10.0.26100.0\x64\rc.exe
Resource Converter: E:\Tools\VSBuildTools\VC\Tools\MSVC\14.44.35207\bin\Hostx64\x64\cvtres.exe
Using EngineIncludeOrderVersion.Unreal5_8 for target SurvivalGameEditor.Target.cs
Building UnrealEditor - SurvivalGameEditor - Win64 - Development
VerseVMBytecodeGenerator.Generate, generating CPP headers in: 'E:\Program Files\UE_5.8\Engine\Intermediate\Build\Win64\UnrealEditor\Inc\CoreUObject\VerseVMBytecode'
	Writing out generated header file. Changed:False Path:'E:\Program Files\UE_5.8\Engine\Intermediate\Build\Win64\UnrealEditor\Inc\CoreUObject\VerseVMBytecode\VVMBytecodeOps.gen.h'
	Writing out generated header file. Changed:False Path:'E:\Program Files\UE_5.8\Engine\Intermediate\Build\Win64\UnrealEditor\Inc\CoreUObject\VerseVMBytecode\VVMBytecodesAndCaptures.gen.h'
	Writing out generated header file. Changed:False Path:'E:\Program Files\UE_5.8\Engine\Intermediate\Build\Win64\UnrealEditor\Inc\CoreUObject\VerseVMBytecode\VVMMakeCapturesFuncs.gen.h'
	Writing out generated header file. Changed:False Path:'E:\Program Files\UE_5.8\Engine\Intermediate\Build\Win64\UnrealEditor\Inc\CoreUObject\VerseVMBytecode\VVMCaptureSwitch.gen.h'
UnrealHeaderTool needs to run because SavedTimestamp is older than the rules file (E:\Repos\SurvivalGame\Source\SurvivalGame\SurvivalGame.Build.cs) for module SurvivalGame
Found 5 shared PCH headers (listed in order of preference):
	UnrealEd
	Engine
	Slate
	CoreUObject
	Core
Parsing headers for SurvivalGameEditor
  Running Internal UnrealHeaderTool E:\Repos\SurvivalGame\SurvivalGame.uproject E:\Repos\SurvivalGame\Intermediate\Build\Win64\SurvivalGameEditor\SurvivalGameEditor.uhtmanifest -WarningsAsErrors -installed
UHT compiled-in object format Default
Step - Parse Headers
Updating E:\Repos\SurvivalGame\Intermediate\Build\Win64\x64\UnrealEditor\Development\SurvivalGame\UnrealEditor-SurvivalGame.dll.rsp: contents have changed. Saving previous version to E:\Repos\SurvivalGame\Intermediate\Build\Win64\x64\UnrealEditor\Development\SurvivalGame\UnrealEditor-SurvivalGame.dll.rsp.old.
Reading engine version from file: E:\Program Files\UE_5.8\Engine\Source\Runtime\Launch\Resources\Version.h
Got engine version 5.8.2
Step - Populate symbol table
Step - Exports
       Exporter Stats skipped
       Exporter Json skipped
       Running exporter CodeGen
UHT processed SurvivalGameEditor in 2.645427 seconds (0 generated files written)
Deleting outdated item: E:\Repos\SurvivalGame\Binaries\Win64\UnrealEditor-SurvivalGame.pdb
Deleting outdated item: E:\Repos\SurvivalGame\Intermediate\Build\Win64\x64\UnrealEditor\Development\SurvivalGame\UnrealEditor-SurvivalGame.lib
===== Toolchain Information =====
Using ISPC compiler (E:\Program Files\UE_5.8\Engine\Source\ThirdParty\Intel\ISPC\bin\Windows\ispc.exe)
  Intel(r) Implicit SPMD Program Compiler (Intel(r) ISPC), 1.24.0 (build commit  @ 20250404, LLVM 18.1.2) 
Using Visual Studio 14.44.35229 toolchain (E:\Tools\VSBuildTools\VC\Tools\MSVC\14.44.35207) and Windows 10.0.26100.0 SDK (C:\Program Files (x86)\Windows Kits\10).
=================================
Exported build actions to E:\Repos\SurvivalGame\Saved\Automation\20260921-033354-2d257ba0\tree-native-plan-03\actions.json
WriteFileIfChanged() wrote 0 changed files of 1 requested writes.

Timeline:
[  0.000]  +0.391 Main
   0.014          [  0.014]  +0.094 Apply XmlConfig
   0.116          [  0.116]  +0.060 AddTelemetry
   0.193          [  0.193]  +0.197 RegisterPlatforms
[  0.412]  +0.043 ParseCommandLine
[  0.513]  +0.143 LoadMakefile
[  0.663]  +0.144 FindPlugins
   0.702          [  0.039]  +0.117 EngineRulesPlugins
   0.817             0.153          [  0.114]  +0.016 MakefileValid
[  0.841]  +0.009 EngineRulesAssembly
[  0.851]  +0.001 ProgramRulesAssembly
[  0.852]  +2.448 ProjectRulesAssembly
[  3.300]  +0.184 CreateTargetRules
[  3.566]  +0.008 CppDependencyCache
[  3.590]  +1.777 SurvivalGameEditor Win64 Development
   3.590          [  0.000]  +0.653 <unknown>
   4.244          [  0.653]  +0.062 UHTModules
   4.437          [  0.846]  +0.207 UHTManifest
   4.644          [  1.054]  +2.651 UHT
   4.644             1.054          [  0.000]  +0.701 <unknown>
   5.346             1.756          [  0.701]  +0.000 WaitOnWrites
   5.368             1.778          [  0.723]  +0.179 SavingMakefile
   5.548             1.958          [  0.903]  +1.747 <unknown>
[  5.367]  +1.929 <unknown>
[  7.297]  +0.019 UHTTimestamps
[  7.327]  +0.004 CppDependencyCache
[  7.331]  +0.076 Preparing ActionGraph
   7.345          [  0.013]  +0.006 LinkActions
   7.351             0.019          [  0.005]  +0.000 DetectActionGraphCycles
   7.351          [  0.020]  +0.000 GatherPrerequisiteActions
   7.353          [  0.021]  +0.000 CppDependencyCacheWait
   7.354          [  0.022]  +0.034 GatherOutdatedActions
   7.391          [  0.059]  +0.002 LinkActions
   7.391             0.059          [  0.000]  +0.000 DetectActionGraphCycles
   7.395          [  0.063]  +0.007 DeleteOutdatedProducedItems
   7.403          [  0.071]  +0.003 SaveActionHistory
   7.407          [  0.075]  +0.000 CreateDirectoriesForProducedItems
[  7.412]  +0.009 Writing actions
[  7.422]  +0.000 DisconnectCache
[  7.426]  +0.000 SaveCasTable
[  7.430]  +0.063 Saving caches
[  7.494]  +0.003 TelemetryService.FlushEvents
[  7.498]

Result: Succeeded
Total execution time: 7.50 seconds
