Log started at 09/21/2026 14:41:45 (2026-09-21T21:41:45Z)
Resolved project argument E:\Repos\SurvivalGame\SurvivalGame.uproject to E:\Repos\SurvivalGame\SurvivalGame.uproject
No config file at C:\ProgramData\Unreal Engine\UnrealBuildTool\BuildConfiguration.xml
No config file at C:\Users\Jenny\AppData\Local\Unreal Engine\UnrealBuildTool\BuildConfiguration.xml
No config file at C:\Users\Jenny\OneDrive\Documents\Unreal Engine\UnrealBuildTool\BuildConfiguration.xml
Configuration will be read from:
  C:\Users\Jenny\AppData\Roaming\Unreal Engine\UnrealBuildTool\BuildConfiguration.xml
Reading configuration file from cache (E:\Repos\SurvivalGame\Intermediate\Build\XmlConfigCache.bin): C:\Users\Jenny\AppData\Roaming\Unreal Engine\UnrealBuildTool\BuildConfiguration.xml
Reading configuration file from cache (E:\Repos\SurvivalGame\Intermediate\Build\XmlConfigCache.bin): E:\Repos\SurvivalGame\Saved\UnrealBuildTool\BuildConfiguration.xml
Reading configuration file from cache (E:\Repos\SurvivalGame\Intermediate\Build\XmlConfigCache.bin): C:\Users\Jenny\AppData\Local\UnrealEngine\Intermediate\Build\UnrealBuildTool.Env.BuildConfiguration.xml
Log file: E:\Repos\SurvivalGame\Saved\Automation\20260921-033354-2d257ba0\woodland-native-plan-01\ubt.log

Setting temp directory to 'E:\Repos\SurvivalGame\Saved\Automation\20260921-033354-2d257ba0\woodland-native-plan-01\Temp\UnrealBuildTool\863af17b'
    Registering build platform: UnrealBuildTool.AndroidPlatformFactory
    Registering build platform: UnrealBuildTool.IOSPlatformFactory
    Registering build platform: UnrealBuildTool.LinuxPlatformFactory
    Registering build platform: UnrealBuildTool.MacPlatformFactory
    Registering build platform: UnrealBuildTool.TVOSPlatformFactory
    Registering build platform: UnrealBuildTool.WindowsPlatformFactory
Found Windows 10 SDK root at C:\Program Files (x86)\Windows Kits\10 (1)
Found Windows 10 SDK root at C:\Program Files (x86)\Windows Kits\10 (2)
Found Windows 10 SDK version 10.0.26100.0 at C:\Program Files (x86)\Windows Kits\10
Found Universal CRT version 10.0.26100.0 at C:\Program Files (x86)\Windows Kits\10
Win64 Installed SDK(s): MinVersion_Sdk=10.0.19041.0, MaxVersion_Sdk=10.9.99999.0, CurrentVersion_Sdk=10.0.26100.0, Version_AutoSdk=10.0.22621.0, CurrentVersion_AutoSdk=
        Registering build platform: Win64 - buildable: True
    Registering build platform: UnrealBuildTool.VisionOSPlatformFactory
Command line: "E:\Program Files\UE_5.8\Engine\Binaries\DotNET\UnrealBuildTool\UnrealBuildTool.dll" SurvivalGameEditor Win64 Development -Project=E:\Repos\SurvivalGame\SurvivalGame.uproject -WaitMutex -NoHotReloadFromIDE -NoUBA -NoXGE -NoFASTBuild -NoSNDBS -NoArtifactReads -NoArtifactWrites -NoEngineChanges -Log=E:\Repos\SurvivalGame\Saved\Automation\20260921-033354-2d257ba0\woodland-native-plan-01\ubt.log -WriteOutdatedActions=E:\Repos\SurvivalGame\Saved\Automation\20260921-033354-2d257ba0\woodland-native-plan-01\actions.json
Determining max actions to execute in parallel (8 physical cores, 16 logical cores)
  Executing up to 8 processes, one per physical core
  Requested 1.5 GB memory per action, 9.57 GB available: limiting max parallel actions to 6
UbaSessionServer - Disable remote execution (remote sessions will finish current processes)
Skipping E:\Program Files\UE_5.8\Engine\Intermediate\Build\BuildRules\UE5Rules.dll: File is installed
Invalidating makefile for SurvivalGameEditor (source file added)
Skipping E:\Program Files\UE_5.8\Engine\Intermediate\Build\BuildRules\UE5ProgramRules.dll: File is installed
Compiler: E:\Tools\VSBuildTools\VC\Tools\MSVC\14.44.35207\bin\Hostx64\x64\cl.exe
Linker: E:\Tools\VSBuildTools\VC\Tools\MSVC\14.44.35207\bin\Hostx64\x64\link.exe
Library Manager: E:\Tools\VSBuildTools\VC\Tools\MSVC\14.44.35207\bin\Hostx64\x64\link.exe
Resource Compiler: C:\Program Files (x86)\Windows Kits\10\bin\10.0.26100.0\x64\rc.exe
Resource Converter: E:\Tools\VSBuildTools\VC\Tools\MSVC\14.44.35207\bin\Hostx64\x64\cvtres.exe
Using EngineIncludeOrderVersion.Unreal5_8 for target SurvivalGameEditor.Target.cs
Building UnrealEditor - SurvivalGameEditor - Win64 - Development
VerseVMBytecodeGenerator.Generate, generating CPP headers in: 'E:\Program Files\UE_5.8\Engine\Intermediate\Build\Win64\UnrealEditor\Inc\CoreUObject\VerseVMBytecode'
	Writing out generated header file. Changed:False Path:'E:\Program Files\UE_5.8\Engine\Intermediate\Build\Win64\UnrealEditor\Inc\CoreUObject\VerseVMBytecode\VVMBytecodeOps.gen.h'
	Writing out generated header file. Changed:False Path:'E:\Program Files\UE_5.8\Engine\Intermediate\Build\Win64\UnrealEditor\Inc\CoreUObject\VerseVMBytecode\VVMBytecodesAndCaptures.gen.h'
	Writing out generated header file. Changed:False Path:'E:\Program Files\UE_5.8\Engine\Intermediate\Build\Win64\UnrealEditor\Inc\CoreUObject\VerseVMBytecode\VVMMakeCapturesFuncs.gen.h'
	Writing out generated header file. Changed:False Path:'E:\Program Files\UE_5.8\Engine\Intermediate\Build\Win64\UnrealEditor\Inc\CoreUObject\VerseVMBytecode\VVMCaptureSwitch.gen.h'
Found 5 shared PCH headers (listed in order of preference):
	UnrealEd
	Engine
	Slate
	CoreUObject
	Core
UnrealHeaderTool needs to run because SavedTimestamp is older than HeaderFileTimestamp (E:\Repos\SurvivalGame\Source\SurvivalGame\HomesteadSmokeTest.h) for module SurvivalGame
Parsing headers for SurvivalGameEditor
  Running Internal UnrealHeaderTool E:\Repos\SurvivalGame\SurvivalGame.uproject E:\Repos\SurvivalGame\Intermediate\Build\Win64\SurvivalGameEditor\SurvivalGameEditor.uhtmanifest -WarningsAsErrors -installed
Updating E:\Repos\SurvivalGame\Intermediate\Build\Win64\x64\UnrealEditor\Development\SurvivalGame\Module.SurvivalGame.3.cpp: contents have changed. Saving previous version to E:\Repos\SurvivalGame\Intermediate\Build\Win64\x64\UnrealEditor\Development\SurvivalGame\Module.SurvivalGame.3.cpp.old.
Updating E:\Repos\SurvivalGame\Intermediate\Build\Win64\x64\UnrealEditor\Development\SurvivalGame\Module.SurvivalGame.1.cpp: contents have changed. Saving previous version to E:\Repos\SurvivalGame\Intermediate\Build\Win64\x64\UnrealEditor\Development\SurvivalGame\Module.SurvivalGame.1.cpp.old.
Updating E:\Repos\SurvivalGame\Intermediate\Build\Win64\x64\UnrealEditor\Development\SurvivalGame\Module.SurvivalGame.2.cpp: contents have changed. Saving previous version to E:\Repos\SurvivalGame\Intermediate\Build\Win64\x64\UnrealEditor\Development\SurvivalGame\Module.SurvivalGame.2.cpp.old.
Updating E:\Repos\SurvivalGame\Intermediate\Build\Win64\x64\UnrealEditor\Development\SurvivalGame\LiveCodingInfo.json: contents have changed. Saving previous version to E:\Repos\SurvivalGame\Intermediate\Build\Win64\x64\UnrealEditor\Development\SurvivalGame\LiveCodingInfo.json.old.
UHT compiled-in object format Default
Step - Parse Headers
Reading engine version from file: E:\Program Files\UE_5.8\Engine\Source\Runtime\Launch\Resources\Version.h
Got engine version 5.8.2
Step - Populate symbol table
Step - Exports
       Exporter Stats skipped
       Exporter Json skipped
       Running exporter CodeGen
UHT processed SurvivalGameEditor in 8.6973021 seconds (0 generated files written)
Deleting outdated item: E:\Repos\SurvivalGame\Binaries\Win64\UnrealEditor-SurvivalGameEditor.pdb
Deleting outdated item: E:\Repos\SurvivalGame\Intermediate\Build\Win64\x64\UnrealEditor\Development\SurvivalGameEditor\UnrealEditor-SurvivalGameEditor.lib
Deleting outdated item: E:\Repos\SurvivalGame\Binaries\Win64\UnrealEditor-SurvivalGame.pdb
Deleting outdated item: E:\Repos\SurvivalGame\Intermediate\Build\Win64\x64\UnrealEditor\Development\SurvivalGame\UnrealEditor-SurvivalGame.lib
===== Toolchain Information =====
Using ISPC compiler (E:\Program Files\UE_5.8\Engine\Source\ThirdParty\Intel\ISPC\bin\Windows\ispc.exe)
  Intel(r) Implicit SPMD Program Compiler (Intel(r) ISPC), 1.24.0 (build commit  @ 20250404, LLVM 18.1.2) 
Using Visual Studio 14.44.35229 toolchain (E:\Tools\VSBuildTools\VC\Tools\MSVC\14.44.35207) and Windows 10.0.26100.0 SDK (C:\Program Files (x86)\Windows Kits\10).
=================================
Exported build actions to E:\Repos\SurvivalGame\Saved\Automation\20260921-033354-2d257ba0\woodland-native-plan-01\actions.json
WriteFileIfChanged() wrote 0 changed files of 1 requested writes.

Timeline:
[  0.000]  +0.376 Main
   0.019          [  0.018]  +0.135 Apply XmlConfig
   0.162          [  0.162]  +0.043 AddTelemetry
   0.222          [  0.222]  +0.153 RegisterPlatforms
[  0.398]  +0.034 ParseCommandLine
[  0.432]  +0.312 <unknown>
[  0.744]  +0.181 LoadMakefile
[  0.933]  +0.826 FindPlugins
   1.072          [  0.138]  +0.191 EngineRulesPlugins
   1.267          [  0.334]  +0.489 EngineRulesFetchDirs
[  1.765]  +0.364 EngineRulesAssembly
   1.767          [  0.001]  +0.024 MakefileValid
   1.792          [  0.026]  +0.337 <unknown>
[  2.129]  +0.506 ProgramRulesAssembly
[  2.636]  +0.031 ProjectRulesAssembly
[  2.667]  +0.170 CreateTargetRules
[  2.904]  +0.015 CppDependencyCache
[  2.928]  +2.238 SurvivalGameEditor Win64 Development
   2.928          [  0.000]  +0.741 <unknown>
   3.670          [  0.741]  +0.067 UHTModules
   3.917          [  0.989]  +0.298 UHTManifest
   4.216          [  1.287]  +8.704 UHT
   4.216             1.287          [  0.000]  +0.924 <unknown>
   5.140             2.212          [  0.924]  +0.000 WaitOnWrites
   5.168             2.239          [  0.952]  +0.150 SavingMakefile
   5.319             2.390          [  1.103]  +7.601 <unknown>
[  5.167]  +7.754 <unknown>
[ 12.922]  +0.019 UHTTimestamps
[ 12.953]  +0.009 CppDependencyCache
[ 12.962]  +0.103 Preparing ActionGraph
  12.976          [  0.013]  +0.005 LinkActions
  12.981             0.018          [  0.005]  +0.000 DetectActionGraphCycles
  12.982          [  0.019]  +0.000 GatherPrerequisiteActions
  12.983          [  0.021]  +0.000 CppDependencyCacheWait
  12.984          [  0.021]  +0.066 GatherOutdatedActions
  13.055          [  0.092]  +0.003 LinkActions
  13.055             0.092          [  0.000]  +0.000 DetectActionGraphCycles
  13.059          [  0.096]  +0.001 DeleteOutdatedProducedItems
  13.061          [  0.098]  +0.003 SaveActionHistory
  13.065          [  0.103]  +0.000 CreateDirectoriesForProducedItems
[ 13.071]  +0.010 Writing actions
[ 13.082]  +0.000 DisconnectCache
[ 13.088]  +0.000 SaveCasTable
[ 13.093]  +0.068 Saving caches
[ 13.162]  +0.003 TelemetryService.FlushEvents
[ 13.167]

Result: Succeeded
Total execution time: 13.17 seconds
