Log started at 09/21/2026 08:41:39 (2026-09-21T15:41:39Z)
Resolved project argument E:\Repos\SurvivalGame\SurvivalGame.uproject to E:\Repos\SurvivalGame\SurvivalGame.uproject
No config file at C:\ProgramData\Unreal Engine\UnrealBuildTool\BuildConfiguration.xml
No config file at C:\Users\Jenny\AppData\Local\Unreal Engine\UnrealBuildTool\BuildConfiguration.xml
No config file at C:\Users\Jenny\OneDrive\Documents\Unreal Engine\UnrealBuildTool\BuildConfiguration.xml
Configuration will be read from:
  C:\Users\Jenny\AppData\Roaming\Unreal Engine\UnrealBuildTool\BuildConfiguration.xml
Reading configuration file from cache (E:\Repos\SurvivalGame\Intermediate\Build\XmlConfigCache.bin): C:\Users\Jenny\AppData\Roaming\Unreal Engine\UnrealBuildTool\BuildConfiguration.xml
Reading configuration file from cache (E:\Repos\SurvivalGame\Intermediate\Build\XmlConfigCache.bin): E:\Repos\SurvivalGame\Saved\UnrealBuildTool\BuildConfiguration.xml
Reading configuration file from cache (E:\Repos\SurvivalGame\Intermediate\Build\XmlConfigCache.bin): C:\Users\Jenny\AppData\Local\UnrealEngine\Intermediate\Build\UnrealBuildTool.Env.BuildConfiguration.xml
Log file: E:\Repos\SurvivalGame\Saved\Automation\20260921-033354-2d257ba0\grass-native-plan-02\ubt.log

Setting temp directory to 'E:\Repos\SurvivalGame\Saved\Automation\20260921-033354-2d257ba0\grass-native-plan-02\Temp\UnrealBuildTool\863af17b'
    Registering build platform: UnrealBuildTool.AndroidPlatformFactory
    Registering build platform: UnrealBuildTool.IOSPlatformFactory
    Registering build platform: UnrealBuildTool.LinuxPlatformFactory
    Registering build platform: UnrealBuildTool.MacPlatformFactory
    Registering build platform: UnrealBuildTool.TVOSPlatformFactory
    Registering build platform: UnrealBuildTool.WindowsPlatformFactory
Found Windows 10 SDK root at C:\Program Files (x86)\Windows Kits\10 (1)
Found Windows 10 SDK root at C:\Program Files (x86)\Windows Kits\10 (2)
Found Windows 10 SDK version 10.0.26100.0 at C:\Program Files (x86)\Windows Kits\10
Found Universal CRT version 10.0.26100.0 at C:\Program Files (x86)\Windows Kits\10
Win64 Installed SDK(s): MinVersion_Sdk=10.0.19041.0, MaxVersion_Sdk=10.9.99999.0, CurrentVersion_Sdk=10.0.26100.0, Version_AutoSdk=10.0.22621.0, CurrentVersion_AutoSdk=
        Registering build platform: Win64 - buildable: True
    Registering build platform: UnrealBuildTool.VisionOSPlatformFactory
Command line: "E:\Program Files\UE_5.8\Engine\Binaries\DotNET\UnrealBuildTool\UnrealBuildTool.dll" SurvivalGameEditor Win64 Development -Project=E:\Repos\SurvivalGame\SurvivalGame.uproject -WaitMutex -NoHotReloadFromIDE -NoUBA -NoXGE -NoFASTBuild -NoSNDBS -NoArtifactReads -NoArtifactWrites -NoEngineChanges -Log=E:\Repos\SurvivalGame\Saved\Automation\20260921-033354-2d257ba0\grass-native-plan-02\ubt.log -WriteOutdatedActions=E:\Repos\SurvivalGame\Saved\Automation\20260921-033354-2d257ba0\grass-native-plan-02\actions.json
Determining max actions to execute in parallel (8 physical cores, 16 logical cores)
  Executing up to 8 processes, one per physical core
  Requested 1.5 GB memory per action, 9.89 GB available: limiting max parallel actions to 6
UbaSessionServer - Disable remote execution (remote sessions will finish current processes)
Skipping E:\Program Files\UE_5.8\Engine\Intermediate\Build\BuildRules\UE5Rules.dll: File is installed
Skipping E:\Program Files\UE_5.8\Engine\Intermediate\Build\BuildRules\UE5ProgramRules.dll: File is installed
E:\Repos\SurvivalGame\Config\DefaultGame.ini has been modified since makefile was built.
Invalidating makefile for SurvivalGameEditor (DefaultGame.ini modified)
Compiler: E:\Tools\VSBuildTools\VC\Tools\MSVC\14.44.35207\bin\Hostx64\x64\cl.exe
Linker: E:\Tools\VSBuildTools\VC\Tools\MSVC\14.44.35207\bin\Hostx64\x64\link.exe
Library Manager: E:\Tools\VSBuildTools\VC\Tools\MSVC\14.44.35207\bin\Hostx64\x64\link.exe
Resource Compiler: C:\Program Files (x86)\Windows Kits\10\bin\10.0.26100.0\x64\rc.exe
Resource Converter: E:\Tools\VSBuildTools\VC\Tools\MSVC\14.44.35207\bin\Hostx64\x64\cvtres.exe
Using EngineIncludeOrderVersion.Unreal5_8 for target SurvivalGameEditor.Target.cs
Building UnrealEditor - SurvivalGameEditor - Win64 - Development
VerseVMBytecodeGenerator.Generate, generating CPP headers in: 'E:\Program Files\UE_5.8\Engine\Intermediate\Build\Win64\UnrealEditor\Inc\CoreUObject\VerseVMBytecode'
	Writing out generated header file. Changed:False Path:'E:\Program Files\UE_5.8\Engine\Intermediate\Build\Win64\UnrealEditor\Inc\CoreUObject\VerseVMBytecode\VVMBytecodeOps.gen.h'
	Writing out generated header file. Changed:False Path:'E:\Program Files\UE_5.8\Engine\Intermediate\Build\Win64\UnrealEditor\Inc\CoreUObject\VerseVMBytecode\VVMBytecodesAndCaptures.gen.h'
	Writing out generated header file. Changed:False Path:'E:\Program Files\UE_5.8\Engine\Intermediate\Build\Win64\UnrealEditor\Inc\CoreUObject\VerseVMBytecode\VVMMakeCapturesFuncs.gen.h'
	Writing out generated header file. Changed:False Path:'E:\Program Files\UE_5.8\Engine\Intermediate\Build\Win64\UnrealEditor\Inc\CoreUObject\VerseVMBytecode\VVMCaptureSwitch.gen.h'
UnrealHeaderTool needs to run because SavedTimestamp is older than HeaderFileTimestamp (E:\Repos\SurvivalGame\Source\SurvivalGame\HomesteadWorld.h) for module SurvivalGame
Found 5 shared PCH headers (listed in order of preference):
	UnrealEd
	Engine
	Slate
	CoreUObject
	Core
Parsing headers for SurvivalGameEditor
  Running Internal UnrealHeaderTool E:\Repos\SurvivalGame\SurvivalGame.uproject E:\Repos\SurvivalGame\Intermediate\Build\Win64\SurvivalGameEditor\SurvivalGameEditor.uhtmanifest -WarningsAsErrors -installed
UHT compiled-in object format Default
Step - Parse Headers
Updating E:\Repos\SurvivalGame\Intermediate\Build\Win64\x64\UnrealEditor\Development\SurvivalGame\UnrealEditor-SurvivalGame.dll.rsp: contents have changed. Saving previous version to E:\Repos\SurvivalGame\Intermediate\Build\Win64\x64\UnrealEditor\Development\SurvivalGame\UnrealEditor-SurvivalGame.dll.rsp.old.
Updating E:\Repos\SurvivalGame\Intermediate\Build\Win64\x64\UnrealEditor\Development\SurvivalGame\Module.SurvivalGame.2.cpp: contents have changed. Saving previous version to E:\Repos\SurvivalGame\Intermediate\Build\Win64\x64\UnrealEditor\Development\SurvivalGame\Module.SurvivalGame.2.cpp.old.
Updating E:\Repos\SurvivalGame\Intermediate\Build\Win64\x64\UnrealEditor\Development\SurvivalGame\LiveCodingInfo.json: contents have changed. Saving previous version to E:\Repos\SurvivalGame\Intermediate\Build\Win64\x64\UnrealEditor\Development\SurvivalGame\LiveCodingInfo.json.old.
Updating E:\Repos\SurvivalGame\Intermediate\Build\Win64\x64\UnrealEditor\Development\SurvivalGame\UnrealEditor-SurvivalGame.lib.rsp: contents have changed. Saving previous version to E:\Repos\SurvivalGame\Intermediate\Build\Win64\x64\UnrealEditor\Development\SurvivalGame\UnrealEditor-SurvivalGame.lib.rsp.old.
Reading engine version from file: E:\Program Files\UE_5.8\Engine\Source\Runtime\Launch\Resources\Version.h
Got engine version 5.8.2
Step - Populate symbol table
Step - Exports
       Exporter Stats skipped
       Exporter Json skipped
       Running exporter CodeGen
UHT processed SurvivalGameEditor in 8.9262043 seconds (0 generated files written)
Deleting outdated item: E:\Repos\SurvivalGame\Binaries\Win64\UnrealEditor-SurvivalGameEditor.pdb
Deleting outdated item: E:\Repos\SurvivalGame\Intermediate\Build\Win64\x64\UnrealEditor\Development\SurvivalGameEditor\UnrealEditor-SurvivalGameEditor.lib
Deleting outdated item: E:\Repos\SurvivalGame\Binaries\Win64\UnrealEditor-SurvivalGame.pdb
Deleting outdated item: E:\Repos\SurvivalGame\Intermediate\Build\Win64\x64\UnrealEditor\Development\SurvivalGame\UnrealEditor-SurvivalGame.lib
===== Toolchain Information =====
Using ISPC compiler (E:\Program Files\UE_5.8\Engine\Source\ThirdParty\Intel\ISPC\bin\Windows\ispc.exe)
  Intel(r) Implicit SPMD Program Compiler (Intel(r) ISPC), 1.24.0 (build commit  @ 20250404, LLVM 18.1.2) 
Using Visual Studio 14.44.35229 toolchain (E:\Tools\VSBuildTools\VC\Tools\MSVC\14.44.35207) and Windows 10.0.26100.0 SDK (C:\Program Files (x86)\Windows Kits\10).
=================================
Exported build actions to E:\Repos\SurvivalGame\Saved\Automation\20260921-033354-2d257ba0\grass-native-plan-02\actions.json
WriteFileIfChanged() wrote 0 changed files of 1 requested writes.

Timeline:
[  0.000]  +0.331 Main
   0.016          [  0.016]  +0.093 Apply XmlConfig
   0.116          [  0.116]  +0.042 AddTelemetry
   0.176          [  0.175]  +0.154 RegisterPlatforms
[  0.365]  +0.094 ParseCommandLine
[  0.571]  +0.175 LoadMakefile
[  0.752]  +0.293 FindPlugins
   0.753          [  0.000]  +0.164 EngineRulesPlugins
   0.923          [  0.170]  +0.119 EngineRulesFetchDirs
[  1.052]  +0.011 EngineRulesAssembly
   1.053          [  0.001]  +0.022 MakefileValid
   1.063             0.011          [  0.009]  +0.001 ProgramRulesAssembly
   1.064             0.012          [  0.011]  +0.003 ProjectRulesAssembly
   1.068             0.016          [  0.014]  +0.277 CreateTargetRules
[  1.063]  +0.355 <unknown>
[  1.418]  +0.009 CppDependencyCache
[  1.438]  +2.522 SurvivalGameEditor Win64 Development
   1.438          [  0.000]  +0.596 <unknown>
   2.035          [  0.596]  +0.064 UHTModules
   2.294          [  0.855]  +0.200 UHTManifest
   2.495          [  1.056]  +8.932 UHT
   2.495             1.056          [  0.000]  +1.422 <unknown>
   3.917             2.478          [  1.422]  +0.000 WaitOnWrites
   3.962             2.524          [  1.467]  +0.155 SavingMakefile
   4.118             2.680          [  1.623]  +7.308 <unknown>
[  3.961]  +7.467 <unknown>
[ 11.429]  +0.022 UHTTimestamps
[ 11.458]  +0.009 CppDependencyCache
[ 11.468]  +0.071 Preparing ActionGraph
  11.481          [  0.013]  +0.005 LinkActions
  11.486             0.018          [  0.005]  +0.000 DetectActionGraphCycles
  11.487          [  0.019]  +0.000 GatherPrerequisiteActions
  11.488          [  0.020]  +0.000 CppDependencyCacheWait
  11.489          [  0.021]  +0.037 GatherOutdatedActions
  11.529          [  0.061]  +0.002 LinkActions
  11.529             0.061          [  0.000]  +0.000 DetectActionGraphCycles
  11.533          [  0.065]  +0.001 DeleteOutdatedProducedItems
  11.534          [  0.066]  +0.004 SaveActionHistory
  11.539          [  0.071]  +0.000 CreateDirectoriesForProducedItems
[ 11.544]  +0.010 Writing actions
[ 11.555]  +0.000 DisconnectCache
[ 11.558]  +0.000 SaveCasTable
[ 11.562]  +0.058 Saving caches
[ 11.621]  +0.002 TelemetryService.FlushEvents
[ 11.625]

Result: Succeeded
Total execution time: 11.63 seconds
